---
http_interactions:
- request:
    method: get
    uri: http://localhost:9000/test
    body:
      encoding: ASCII-8BIT
      string: ''
    headers:
      User-Agent:
      - S3Light/0.0.1
      Host:
      - localhost
      X-Amz-Date:
      - 20240820T020219Z
      X-Amz-Content-Sha256:
      - UNSIGNED-PAYLOAD
      Authorization:
      - AWS4-HMAC-SHA256 Credential=adminadmin/20240820/us-east-1/s3/aws4_request,
        SignedHeaders=host;x-amz-content-sha256;x-amz-date, Signature=06938d9f4189035e966aac920f9a374e608c90a2f65f49f1c9e91974e4441e43
      Connection:
      - Keep-Alive
  response:
    status:
      code: 200
      message: OK
    headers:
      Accept-Ranges:
      - bytes
      Content-Length:
      - '1211'
      Content-Type:
      - application/xml
      Server:
      - MinIO
      Strict-Transport-Security:
      - max-age=31536000; includeSubDomains
      Vary:
      - Accept-Encoding
      - Origin
      X-Amz-Id-2:
      - dd9025bab4ad464b049177c95eb6ebf374d3b3fd1af9251148b658df7ac2e3e8
      X-Amz-Request-Id:
      - 17ED4D679EC231EE
      X-Content-Type-Options:
      - nosniff
      X-Ratelimit-Limit:
      - '6215'
      X-Ratelimit-Remaining:
      - '6215'
      X-Xss-Protection:
      - 1; mode=block
      Date:
      - Tue, 20 Aug 2024 02:02:19 GMT
    body:
      encoding: ASCII-8BIT
      string: |-
        <?xml version="1.0" encoding="UTF-8"?>
        <ListBucketResult xmlns="http://s3.amazonaws.com/doc/2006-03-01/"><Name>test</Name><Prefix></Prefix><Marker></Marker><MaxKeys>1000</MaxKeys><IsTruncated>false</IsTruncated><Contents><Key>large_file.txt</Key><LastModified>2024-08-19T23:54:59.287Z</LastModified><ETag>&#34;5b77099fb249bf5b8f10a16999ccd51f&#34;</ETag><Size>10000000</Size><Owner><ID>02d6176db174dc93cb1b899f7c6078f08654445fe8cf1b6ce98d8855f66bdbf4</ID><DisplayName>minio</DisplayName></Owner><StorageClass>STANDARD</StorageClass></Contents><Contents><Key>stringio.txt</Key><LastModified>2024-08-19T23:54:59.182Z</LastModified><ETag>&#34;27b7883d2ed8173e7f443162d70df33a&#34;</ETag><Size>16</Size><Owner><ID>02d6176db174dc93cb1b899f7c6078f08654445fe8cf1b6ce98d8855f66bdbf4</ID><DisplayName>minio</DisplayName></Owner><StorageClass>STANDARD</StorageClass></Contents><Contents><Key>test_file.txt</Key><LastModified>2024-08-20T01:07:24.202Z</LastModified><ETag>&#34;bd872139a93d311e1d2919104c627d35&#34;</ETag><Size>23</Size><Owner><ID>02d6176db174dc93cb1b899f7c6078f08654445fe8cf1b6ce98d8855f66bdbf4</ID><DisplayName>minio</DisplayName></Owner><StorageClass>STANDARD</StorageClass></Contents></ListBucketResult>
  recorded_at: Tue, 20 Aug 2024 02:02:19 GMT
- request:
    method: head
    uri: http://localhost:9000/test/test_file.txt
    body:
      encoding: ASCII-8BIT
      string: ''
    headers:
      User-Agent:
      - S3Light/0.0.1
      Host:
      - localhost
      X-Amz-Date:
      - 20240820T020219Z
      X-Amz-Content-Sha256:
      - UNSIGNED-PAYLOAD
      Authorization:
      - AWS4-HMAC-SHA256 Credential=adminadmin/20240820/us-east-1/s3/aws4_request,
        SignedHeaders=host;x-amz-content-sha256;x-amz-date, Signature=877ee7a0a182261df1caddd01fb2962ea4f947eb23eaa07cb4d98d7bb11243bb
      Connection:
      - Keep-Alive
  response:
    status:
      code: 200
      message: OK
    headers:
      Accept-Ranges:
      - bytes
      Content-Length:
      - '23'
      Content-Type:
      - binary/octet-stream
      Etag:
      - '"bd872139a93d311e1d2919104c627d35"'
      Last-Modified:
      - Tue, 20 Aug 2024 01:07:24 GMT
      Server:
      - MinIO
      Strict-Transport-Security:
      - max-age=31536000; includeSubDomains
      Vary:
      - Accept-Encoding
      - Origin
      X-Amz-Id-2:
      - dd9025bab4ad464b049177c95eb6ebf374d3b3fd1af9251148b658df7ac2e3e8
      X-Amz-Request-Id:
      - 17ED4D679EF7639B
      X-Content-Type-Options:
      - nosniff
      X-Ratelimit-Limit:
      - '6215'
      X-Ratelimit-Remaining:
      - '6215'
      X-Xss-Protection:
      - 1; mode=block
      Date:
      - Tue, 20 Aug 2024 02:02:19 GMT
    body:
      encoding: ASCII-8BIT
      string: ''
  recorded_at: Tue, 20 Aug 2024 02:02:19 GMT
- request:
    method: get
    uri: http://localhost:9000/test/test_file.txt?acl=1
    body:
      encoding: ASCII-8BIT
      string: ''
    headers:
      User-Agent:
      - S3Light/0.0.1
      Host:
      - localhost
      X-Amz-Date:
      - 20240820T020219Z
      X-Amz-Content-Sha256:
      - UNSIGNED-PAYLOAD
      Authorization:
      - AWS4-HMAC-SHA256 Credential=adminadmin/20240820/us-east-1/s3/aws4_request,
        SignedHeaders=host;x-amz-content-sha256;x-amz-date, Signature=43bb7e2d458133d6bddaf9434c03f91cf01757dfc313639c65e48e560eacc69e
      Connection:
      - Keep-Alive
  response:
    status:
      code: 200
      message: OK
    headers:
      Strict-Transport-Security:
      - max-age=31536000; includeSubDomains
      Vary:
      - Accept-Encoding
      - Origin
      X-Amz-Id-2:
      - dd9025bab4ad464b049177c95eb6ebf374d3b3fd1af9251148b658df7ac2e3e8
      X-Amz-Request-Id:
      - 17ED4D679F7C2801
      X-Content-Type-Options:
      - nosniff
      X-Ratelimit-Limit:
      - '6215'
      X-Ratelimit-Remaining:
      - '6215'
      X-Xss-Protection:
      - 1; mode=block
      Date:
      - Tue, 20 Aug 2024 02:02:19 GMT
      Content-Length:
      - '309'
      Content-Type:
      - text/plain; charset=utf-8
    body:
      encoding: UTF-8
      string: <AccessControlPolicy><Owner><ID></ID><DisplayName></DisplayName></Owner><AccessControlList><Grant><Grantee
        xmlns:xsi="http://www.w3.org/2001/XMLSchema-instance" xsi:type="CanonicalUser"><Type>CanonicalUser</Type></Grantee><Permission>FULL_CONTROL</Permission></Grant></AccessControlList></AccessControlPolicy>
  recorded_at: Tue, 20 Aug 2024 02:02:19 GMT
recorded_with: VCR 6.3.0
